[hf timing] begin atomic_start.total
[hf timing] begin atomic_start.superposition_density
[hf timing] end atomic_start.superposition_density elapsed_s=1.473332
[hf timing] begin atomic_start.density_conversion
[hf timing] end atomic_start.density_conversion elapsed_s=0.008076
[hf timing] begin atomic_start.potential
[hf timing] end atomic_start.potential elapsed_s=0.516322
[hf timing] begin atomic_start.checkpoint
[hf timing] end atomic_start.checkpoint elapsed_s=0.091586
[hf timing] end atomic_start.total elapsed_s=2.092406
[hf timing] begin gamma.fock.iteration
[hf timing] begin gamma.fock.occupations
[hf timing] end gamma.fock.occupations elapsed_s=0.000093
[hf timing] begin gamma.rebuild.inputs
[hf timing] end gamma.rebuild.inputs elapsed_s=0.085176
[hf timing] begin gamma.rebuild.mpb
[hf timing] begin exchange.cache.vv_basis.validate
[hf timing] end exchange.cache.vv_basis.validate elapsed_s=0.000813
[hf timing] begin exchange.cache.vv_basis.raw_dirac_space
[hf timing] end exchange.cache.vv_basis.raw_dirac_space elapsed_s=0.501212
[hf timing] begin exchange.cache.vv_basis.overlap_cutoff
[hf timing] end exchange.cache.vv_basis.overlap_cutoff elapsed_s=0.013052
[hf timing] begin exchange.cache.vv_basis.vertex_context
[hf timing] end exchange.cache.vv_basis.vertex_context elapsed_s=0.004167
[hf timing] begin exchange.cache.vv_basis.interstitial_table
[hf timing] end exchange.cache.vv_basis.interstitial_table elapsed_s=0.643013
[hf timing] begin exchange.cache.vv_basis.interstitial_theta
[hf timing] end exchange.cache.vv_basis.interstitial_theta elapsed_s=0.178854
[hf timing] begin exchange.cache.vv_basis.mt_coordinate_tensors
[hf timing] end exchange.cache.vv_basis.mt_coordinate_tensors elapsed_s=5.556073
[hf timing] begin vv.mpb_rebuild
[hf timing] begin vv.validate_frozen_inputs
[hf timing] end vv.validate_frozen_inputs elapsed_s=0.000955
[hf timing] begin vv.site_projection
[hf timing] end vv.site_projection elapsed_s=0.948486
[hf timing] begin vv.mt_contraction
[hf timing] end vv.mt_contraction elapsed_s=5.926060
[hf timing] begin vv.interstitial
[hf timing] end vv.interstitial elapsed_s=68.845060
[hf timing] begin vv.vertex_assembly_and_frozen_identity
[hf timing] end vv.vertex_assembly_and_frozen_identity elapsed_s=12.935682
[hf timing] end vv.mpb_rebuild elapsed_s=88.892219
[hf timing] end gamma.rebuild.mpb elapsed_s=96.477896
[hf timing] begin gamma.rebuild.coulomb_assembly
[hf timing] end gamma.rebuild.coulomb_assembly elapsed_s=7.872612
[hf timing] begin gamma.rebuild.contraction
[hf timing] end gamma.rebuild.contraction elapsed_s=179.435197
[hf timing] begin gamma.fock.feedback_lift
[hf timing] end gamma.fock.feedback_lift elapsed_s=2.648633
[hf timing] begin gamma.fock.spinor_solve
[hf timing] end gamma.fock.spinor_solve elapsed_s=9.543186
[hf timing] begin gamma.fock.occupations
[hf timing] end gamma.fock.occupations elapsed_s=0.000616
[hf timing] begin gamma.fock.density_residual
[hf timing] end gamma.fock.density_residual elapsed_s=2.191112
[hf] Gamma valence Fock outer=1 iteration=1 density_residual=1.3888959366953287e-3 feedback_residual=inf
[hf timing] end gamma.fock.iteration elapsed_s=313.415279
[hf timing] begin gamma.fock.iteration
[hf timing] begin gamma.fock.occupations
[hf timing] end gamma.fock.occupations elapsed_s=0.000162
[hf timing] begin gamma.rebuild.inputs
[hf timing] end gamma.rebuild.inputs elapsed_s=0.071123
[hf timing] begin gamma.rebuild.mpb
[hf timing] begin exchange.cache.vv_basis.validate
[hf timing] end exchange.cache.vv_basis.validate elapsed_s=0.000681
[hf timing] begin exchange.cache.vv_basis.raw_dirac_space
[hf timing] end exchange.cache.vv_basis.raw_dirac_space elapsed_s=0.476409
[hf timing] begin exchange.cache.vv_basis.overlap_cutoff
[hf timing] end exchange.cache.vv_basis.overlap_cutoff elapsed_s=0.013338
[hf timing] begin exchange.cache.vv_basis.vertex_context
[hf timing] end exchange.cache.vv_basis.vertex_context elapsed_s=0.004162
[hf timing] begin exchange.cache.vv_basis.interstitial_table
[hf timing] end exchange.cache.vv_basis.interstitial_table elapsed_s=0.702486
[hf timing] begin exchange.cache.vv_basis.interstitial_theta
[hf timing] end exchange.cache.vv_basis.interstitial_theta elapsed_s=0.175479
[hf timing] begin exchange.cache.vv_basis.mt_coordinate_tensors
[hf timing] end exchange.cache.vv_basis.mt_coordinate_tensors elapsed_s=6.138403
[hf timing] begin vv.mpb_rebuild
[hf timing] begin vv.validate_frozen_inputs
[hf timing] end vv.validate_frozen_inputs elapsed_s=0.000815
[hf timing] begin vv.site_projection
[hf timing] end vv.site_projection elapsed_s=1.092464
[hf timing] begin vv.mt_contraction
[hf timing] end vv.mt_contraction elapsed_s=6.242517
[hf timing] begin vv.interstitial
[hf timing] end vv.interstitial elapsed_s=72.587443
[hf timing] begin vv.vertex_assembly_and_frozen_identity
[hf timing] end vv.vertex_assembly_and_frozen_identity elapsed_s=11.205059
[hf timing] end vv.mpb_rebuild elapsed_s=91.374724
[hf timing] end gamma.rebuild.mpb elapsed_s=99.088950
[hf timing] begin gamma.rebuild.coulomb_assembly
[hf timing] end gamma.rebuild.coulomb_assembly elapsed_s=8.207107
[hf timing] begin gamma.rebuild.contraction
[hf timing] end gamma.rebuild.contraction elapsed_s=196.441363
[hf timing] begin gamma.fock.feedback_lift
[hf timing] end gamma.fock.feedback_lift elapsed_s=2.867406
[hf timing] begin gamma.fock.mix
[hf timing] end gamma.fock.mix elapsed_s=0.213512
[hf timing] begin gamma.fock.spinor_solve
[hf timing] end gamma.fock.spinor_solve elapsed_s=15.733014
[hf timing] begin gamma.fock.occupations
[hf timing] end gamma.fock.occupations elapsed_s=0.000552
[hf timing] begin gamma.fock.density_residual
[hf timing] end gamma.fock.density_residual elapsed_s=2.283481
[hf] Gamma valence Fock outer=1 iteration=2 density_residual=1.0988849307302631e-4 feedback_residual=1.3734823798661894e-4
[hf timing] end gamma.fock.iteration elapsed_s=331.652561
[hf timing] begin gamma.fock.iteration
[hf timing] begin gamma.fock.occupations
[hf timing] end gamma.fock.occupations elapsed_s=0.000637
[hf timing] begin gamma.rebuild.inputs
[hf timing] end gamma.rebuild.inputs elapsed_s=0.078315
[hf timing] begin gamma.rebuild.mpb
[hf timing] begin exchange.cache.vv_basis.validate
[hf timing] end exchange.cache.vv_basis.validate elapsed_s=0.000807
[hf timing] begin exchange.cache.vv_basis.raw_dirac_space
[hf timing] end exchange.cache.vv_basis.raw_dirac_space elapsed_s=0.554229
[hf timing] begin exchange.cache.vv_basis.overlap_cutoff
[hf timing] end exchange.cache.vv_basis.overlap_cutoff elapsed_s=0.015848
[hf timing] begin exchange.cache.vv_basis.vertex_context
[hf timing] end exchange.cache.vv_basis.vertex_context elapsed_s=0.004703
[hf timing] begin exchange.cache.vv_basis.interstitial_table
[hf timing] end exchange.cache.vv_basis.interstitial_table elapsed_s=0.830952
[hf timing] begin exchange.cache.vv_basis.interstitial_theta
[hf timing] end exchange.cache.vv_basis.interstitial_theta elapsed_s=0.202699
[hf timing] begin exchange.cache.vv_basis.mt_coordinate_tensors
[hf timing] end exchange.cache.vv_basis.mt_coordinate_tensors elapsed_s=8.396180
[hf timing] begin vv.mpb_rebuild
[hf timing] begin vv.validate_frozen_inputs
[hf timing] end vv.validate_frozen_inputs elapsed_s=0.000958
[hf timing] begin vv.site_projection
[hf timing] end vv.site_projection elapsed_s=1.450776
[hf timing] begin vv.mt_contraction
[hf timing] end vv.mt_contraction elapsed_s=6.726169
[hf timing] begin vv.interstitial
[hf timing] end vv.interstitial elapsed_s=78.283597
[hf timing] begin vv.vertex_assembly_and_frozen_identity
[hf timing] end vv.vertex_assembly_and_frozen_identity elapsed_s=10.865601
[hf timing] end vv.mpb_rebuild elapsed_s=97.581636
[hf timing] end gamma.rebuild.mpb elapsed_s=107.921201
[hf timing] begin gamma.rebuild.coulomb_assembly
[hf timing] end gamma.rebuild.coulomb_assembly elapsed_s=8.086997
[hf timing] begin gamma.rebuild.contraction
[hf timing] end gamma.rebuild.contraction elapsed_s=182.858114
[hf timing] begin gamma.fock.feedback_lift
[hf timing] end gamma.fock.feedback_lift elapsed_s=2.530309
[hf timing] begin gamma.fock.mix
[hf timing] end gamma.fock.mix elapsed_s=0.224169
[hf timing] begin gamma.fock.spinor_solve
[hf timing] end gamma.fock.spinor_solve elapsed_s=9.636074
[hf timing] begin gamma.fock.occupations
[hf timing] end gamma.fock.occupations elapsed_s=0.001578
[hf timing] begin gamma.fock.density_residual
[hf timing] end gamma.fock.density_residual elapsed_s=1.394770
[hf] Gamma valence Fock outer=1 iteration=3 density_residual=6.3664758060312323e-5 feedback_residual=7.9480430635195300e-5
[hf timing] end gamma.fock.iteration elapsed_s=319.503004
[hf timing] begin gamma.fock.iteration
[hf timing] begin gamma.fock.occupations
[hf timing] end gamma.fock.occupations elapsed_s=0.000085
[hf timing] begin gamma.rebuild.inputs
[hf timing] end gamma.rebuild.inputs elapsed_s=0.072635
[hf timing] begin gamma.rebuild.mpb
[hf timing] begin exchange.cache.vv_basis.validate
[hf timing] end exchange.cache.vv_basis.validate elapsed_s=0.000651
[hf timing] begin exchange.cache.vv_basis.raw_dirac_space
[hf timing] end exchange.cache.vv_basis.raw_dirac_space elapsed_s=0.465251
[hf timing] begin exchange.cache.vv_basis.overlap_cutoff
[hf timing] end exchange.cache.vv_basis.overlap_cutoff elapsed_s=0.013145
[hf timing] begin exchange.cache.vv_basis.vertex_context
[hf timing] end exchange.cache.vv_basis.vertex_context elapsed_s=0.003874
[hf timing] begin exchange.cache.vv_basis.interstitial_table
[hf timing] end exchange.cache.vv_basis.interstitial_table elapsed_s=0.671486
[hf timing] begin exchange.cache.vv_basis.interstitial_theta
[hf timing] end exchange.cache.vv_basis.interstitial_theta elapsed_s=0.177586
[hf timing] begin exchange.cache.vv_basis.mt_coordinate_tensors
[hf timing] end exchange.cache.vv_basis.mt_coordinate_tensors elapsed_s=6.695952
[hf timing] begin vv.mpb_rebuild
[hf timing] begin vv.validate_frozen_inputs
[hf timing] end vv.validate_frozen_inputs elapsed_s=0.000773
[hf timing] begin vv.site_projection
[hf timing] end vv.site_projection elapsed_s=1.062435
[hf timing] begin vv.mt_contraction
[hf timing] end vv.mt_contraction elapsed_s=6.068680
[hf timing] begin vv.interstitial
[hf timing] end vv.interstitial elapsed_s=72.773362
[hf timing] begin vv.vertex_assembly_and_frozen_identity
[hf timing] end vv.vertex_assembly_and_frozen_identity elapsed_s=11.153876
[hf timing] end vv.mpb_rebuild elapsed_s=91.281765
[hf timing] end gamma.rebuild.mpb elapsed_s=99.505531
[hf timing] begin gamma.rebuild.coulomb_assembly
[hf timing] end gamma.rebuild.coulomb_assembly elapsed_s=8.099671
[hf timing] begin gamma.rebuild.contraction
real 1200.52
user 3857.62
sys 195.48
