   Compiling proc-macro2 v1.0.107
   Compiling unicode-ident v1.0.24
   Compiling quote v1.0.47
   Compiling autocfg v1.5.1
   Compiling libm v0.2.16
   Compiling serde_core v1.0.229
   Compiling serde v1.0.229
   Compiling bytemuck v1.25.2
   Compiling cfg-if v1.0.4
   Compiling libc v0.2.189
   Compiling version_check v0.9.5
   Compiling either v1.17.0
   Compiling crossbeam-utils v0.8.22
   Compiling heck v0.5.0
   Compiling crossbeam-epoch v0.9.20
   Compiling num-traits v0.2.19
   Compiling crossbeam-deque v0.8.7
   Compiling rayon-core v1.13.0
   Compiling nano-gemm-codegen v0.1.0
   Compiling bitflags v2.13.1
   Compiling pulp v0.21.5
   Compiling paste v1.0.15
   Compiling syn v2.0.119
   Compiling syn v3.0.3
   Compiling thiserror v1.0.69
   Compiling once_cell v1.21.4
   Compiling reborrow v0.5.5
   Compiling memchr v2.8.3
   Compiling zerocopy v0.8.56
   Compiling ident_case v1.0.1
   Compiling dyn-stack-macros v0.1.3
   Compiling fnv v1.0.7
   Compiling strsim v0.11.1
   Compiling byteorder v1.5.0
   Compiling rayon v1.12.0
   Compiling dyn-stack v0.13.2
   Compiling aho-corasick v1.1.5
   Compiling raw-cpuid v11.6.0
   Compiling proc-macro2-diagnostics v0.10.1
   Compiling regex-syntax v0.8.11
   Compiling seq-macro v0.3.6
   Compiling num-integer v0.1.47
   Compiling libloading v0.8.9
   Compiling matrixmultiply v0.3.11
   Compiling num-bigint v0.4.8
   Compiling num-iter v0.1.46
   Compiling nano-gemm-core v0.1.0
   Compiling find-msvc-tools v0.1.11
   Compiling shlex v2.0.1
   Compiling rawpointer v0.2.1
   Compiling thiserror v2.0.20
   Compiling cc v1.4.3
   Compiling serde_derive v1.0.229
   Compiling getrandom v0.3.4
   Compiling thiserror-impl v2.0.20
   Compiling nano-gemm-c64 v0.1.0
   Compiling darling_core v0.20.11
   Compiling regex-automata v0.4.18
   Compiling num-rational v0.4.2
   Compiling nano-gemm-f64 v0.1.0
   Compiling nano-gemm-f32 v0.1.0
   Compiling nano-gemm-c32 v0.1.0
   Compiling rand_core v0.9.5
   Compiling thiserror-impl v1.0.69
   Compiling enum-as-inner v0.6.1
   Compiling zerocopy-derive v0.8.56
   Compiling duplicate v2.0.1
   Compiling equator-macro v0.2.1
   Compiling equator v0.2.2
   Compiling darling_macro v0.20.11
   Compiling faer-macros v0.21.0
   Compiling darling v0.20.11
   Compiling regex v1.13.1
   Compiling sysctl v0.6.0
   Compiling num-complex v0.4.6
   Compiling derive_builder_core v0.20.2
   Compiling equator-macro v0.4.2
   Compiling generativity v1.2.1
   Compiling itertools v0.13.0
   Compiling num v0.4.3
   Compiling equator v0.4.2
   Compiling derive_builder_macro v0.20.2
   Compiling lazy_static v1.5.0
   Compiling glob v0.3.4
   Compiling derive_builder v0.20.2
   Compiling rstsr-cblas-base v0.1.1
   Compiling itertools v0.14.0
   Compiling clang-sys v1.9.1
   Compiling tblis-ffi v0.2.6
   Compiling libmuffintin-core v0.2.0 (/private/tmp/h2-hf-mpi-probe/crates/mt-core)
   Compiling cmake v0.1.58
   Compiling rstsr-common v0.7.10
   Compiling minimal-lexical v0.2.1
   Compiling nom v7.1.3
   Compiling tblis-src v0.2.6 (/private/tmp/h2-hf-mpi-probe/vendor/tblis-src)
   Compiling hdf5-metno-sys v0.11.4
   Compiling bindgen v0.72.1
   Compiling shell-words v1.1.1
   Compiling smallvec v1.15.2
   Compiling pkg-config v0.3.34
   Compiling zmij v1.0.23
   Compiling parking_lot_core v0.9.12
   Compiling ppv-lite86 v0.2.21
   Compiling half v2.7.1
   Compiling build-probe-mpi v0.1.6
   Compiling gemm-common v0.18.2
   Compiling qd v0.7.7
   Compiling rand_chacha v0.9.0
   Compiling faer-traits v0.22.1
   Compiling rand v0.9.5
   Compiling gemm-f64 v0.18.2
   Compiling gemm-f32 v0.18.2
   Compiling gemm-c32 v0.18.2
   Compiling gemm-c64 v0.18.2
   Compiling nano-gemm v0.1.3
   Compiling gemm v0.18.2
   Compiling faer v0.22.6
   Compiling rstsr-dtype-traits v0.7.10
   Compiling rstsr-native-impl v0.7.10
   Compiling opt-einsum-path v0.2.0
   Compiling cexpr v0.6.0
   Compiling ndarray v0.15.6
   Compiling fftw-sys v0.8.0
   Compiling approx v0.5.1
   Compiling wide v1.7.0
   Compiling shlex v1.3.0
   Compiling serde_json v1.0.151
   Compiling tblis v0.2.6 (/private/tmp/h2-hf-mpi-probe/.local-deps/tblis-rs/tblis)
   Compiling hashbrown v0.17.1
   Compiling rustc-hash v2.1.3
   Compiling scopeguard v1.2.0
   Compiling equivalent v1.0.2
   Compiling winnow v1.0.4
   Compiling indexmap v2.14.0
   Compiling lock_api v0.4.14
   Compiling toml_parser v1.1.3+spec-1.1.0
   Compiling libmuffintin-sphere v0.2.0 (/private/tmp/h2-hf-mpi-probe/crates/mt-sphere)
   Compiling nalgebra-macros v0.3.0
   Compiling itoa v1.0.18
   Compiling typenum v1.20.1
   Compiling toml_datetime v1.1.1+spec-1.1.0
   Compiling libmuffintin-envelope v0.2.0 (/private/tmp/h2-hf-mpi-probe/crates/mt-envelope)
   Compiling fftw v0.8.0
   Compiling toml_edit v0.25.13+spec-1.1.0
   Compiling parking_lot v0.12.5
   Compiling strum_macros v0.28.0
   Compiling itertools v0.15.0
   Compiling mpi-sys v0.2.4
   Compiling strum v0.28.0
   Compiling hdf5-metno-types v0.11.0
   Compiling union-find v0.4.4
   Compiling log v0.4.33
   Compiling simba v0.10.2
   Compiling proc-macro-crate v3.5.0
   Compiling serde_spanned v0.6.9
   Compiling toml_datetime v0.6.11
   Compiling winnow v0.7.15
   Compiling ascii v1.1.0
   Compiling toml_write v0.1.2
   Compiling hdf5-metno v0.12.3
   Compiling hdf5-metno-derive v0.10.2
   Compiling mpi v0.8.2
   Compiling ndarray v0.17.2
   Compiling custom_derive v0.1.7
   Compiling conv v0.3.3
   Compiling toml_edit v0.22.27
   Compiling nalgebra v0.35.0
   Compiling toml v0.8.23
   Compiling moyo v0.17.0
   Compiling faer-ext v0.6.0
   Compiling rstsr-core v0.7.10
   Compiling libmuffintin-symmetry v0.2.0 (/private/tmp/h2-hf-mpi-probe/crates/mt-symmetry)
   Compiling libmuffintin-io v0.2.0 (/private/tmp/h2-hf-mpi-probe/crates/mt-io)
   Compiling rstsr-tblis v0.7.10
   Compiling rstsr v0.7.10
   Compiling libmuffintin-tensor v0.2.0 (/private/tmp/h2-hf-mpi-probe/crates/mt-tensor)
   Compiling libmuffintin-operators v0.2.0 (/private/tmp/h2-hf-mpi-probe/crates/mt-operators)
   Compiling libmuffintin-prodbasis v0.2.0 (/private/tmp/h2-hf-mpi-probe/crates/mt-prodbasis)
   Compiling libmuffintin-coulomb v0.2.0 (/private/tmp/h2-hf-mpi-probe/crates/mt-coulomb)
   Compiling libmuffintin-dft v0.2.0 (/private/tmp/h2-hf-mpi-probe/crates/mt-dft)
   Compiling libmuffintin-runtime v0.2.0 (/private/tmp/h2-hf-mpi-probe/crates/mt-runtime)
    Finished `release` profile [optimized] target(s) in 2m 26s
