[hf timing] begin atomic_start.total
[hf timing] begin atomic_start.superposition_density
[hf timing] end atomic_start.superposition_density elapsed_s=3.134663
[hf timing] begin atomic_start.density_conversion
[hf timing] end atomic_start.density_conversion elapsed_s=0.016471
[hf timing] begin atomic_start.potential
[hf timing] end atomic_start.potential elapsed_s=0.894932
[hf timing] begin atomic_start.checkpoint
[hf timing] end atomic_start.checkpoint elapsed_s=0.204864
[hf timing] end atomic_start.total elapsed_s=4.258502
system=H2 bond_bohr=1.400000 electron_count=2.0 route=spinor-first-variation cores=none box_bohr=8.000000 rmt_bohr=0.650000 orbital_g_bohr_inverse=4.000000 field_g_bohr_inverse=12.000000 product_g_bohr_inverse=4.000000 product_lmax=2 overlap_tolerance=1.000000e-4 exchange_coulomb=periodic-finite-body fock_fourier_g_bohr_inverse=4.000000 fock_smoothing_omega_bohr_inverse=none lexp=14 speed_of_light_au=137035.9895000000
atomic_start_checkpoint=/tmp/libmuffintin-h2-hf/mpi-feedback-n2/h2.atomic-start.toml charge_target=2.0000000000000000e0 charge_represented=2.0000000000000271e0 charge_error=2.709e-14 normalization_scale=8.4314746035398769e-1
[hf timing] begin gamma.fock.iteration
[hf timing] begin gamma.fock.occupations
[hf timing] end gamma.fock.occupations elapsed_s=0.000062
[hf timing] begin gamma.rebuild.inputs
[hf timing] end gamma.rebuild.inputs elapsed_s=0.038476
[hf timing] begin gamma.rebuild.mpb
[hf timing] begin exchange.cache.vv_basis.validate
[hf timing] end exchange.cache.vv_basis.validate elapsed_s=0.000515
[hf timing] begin exchange.cache.vv_basis.raw_dirac_space
[hf timing] end exchange.cache.vv_basis.raw_dirac_space elapsed_s=0.261053
[hf timing] begin exchange.cache.vv_basis.overlap_cutoff
[hf timing] end exchange.cache.vv_basis.overlap_cutoff elapsed_s=0.012138
[hf timing] begin exchange.cache.vv_basis.vertex_context
[hf timing] end exchange.cache.vv_basis.vertex_context elapsed_s=0.003064
[hf timing] begin exchange.cache.vv_basis.interstitial_table
[hf timing] end exchange.cache.vv_basis.interstitial_table elapsed_s=0.171326
[hf timing] begin exchange.cache.vv_basis.interstitial_theta
[hf timing] end exchange.cache.vv_basis.interstitial_theta elapsed_s=0.097859
[hf timing] begin exchange.cache.vv_basis.mt_coordinate_tensors
[hf timing] end exchange.cache.vv_basis.mt_coordinate_tensors elapsed_s=4.158663
[hf timing] begin vv.mpb_rebuild
[hf timing] begin vv.validate_frozen_inputs
[hf timing] end vv.validate_frozen_inputs elapsed_s=0.001031
[hf timing] begin vv.site_projection
[hf timing] end vv.site_projection elapsed_s=0.710048
[hf timing] begin vv.mt_contraction
[hf timing] end vv.mt_contraction elapsed_s=1.264150
[hf timing] begin vv.interstitial
[hf timing] end vv.interstitial elapsed_s=8.502136
[hf timing] begin vv.vertex_assembly_and_frozen_identity
[hf timing] end vv.vertex_assembly_and_frozen_identity elapsed_s=0.491092
[hf timing] end vv.mpb_rebuild elapsed_s=10.992831
[hf timing] end gamma.rebuild.mpb elapsed_s=16.241801
[hf timing] begin gamma.rebuild.coulomb_assembly
[hf timing] end gamma.rebuild.coulomb_assembly elapsed_s=2.777168
[hf timing] begin gamma.rebuild.contraction
[hf timing] end gamma.rebuild.contraction elapsed_s=7.453543
[hf timing] begin gamma.fock.feedback_lift
[mpi feedback dump] blocks=1 entries=1060900 path="/Users/zerozaki07/tmp/libmuffintin-harness/evidence/2026-09-08-h2-hf-mpi/feedback-n2.bin"
[hf timing] end gamma.fock.feedback_lift elapsed_s=0.056566
[hf timing] end gamma.fock.iteration elapsed_s=26.899645
probe_done rank=1
probe_done rank=0
real 85.12
user 205.44
sys 16.24
