[hf timing] begin atomic_start.total
[hf timing] begin atomic_start.superposition_density
[hf timing] end atomic_start.superposition_density elapsed_s=2.211175
[hf timing] begin atomic_start.density_conversion
[hf timing] end atomic_start.density_conversion elapsed_s=0.011066
[hf timing] begin atomic_start.potential
[hf timing] end atomic_start.potential elapsed_s=0.612600
[hf timing] begin atomic_start.checkpoint
[hf timing] end atomic_start.checkpoint elapsed_s=0.115276
[hf timing] end atomic_start.total elapsed_s=2.954434
system=H2 bond_bohr=1.400000 electron_count=2.0 route=spinor-first-variation cores=none box_bohr=8.000000 rmt_bohr=0.650000 orbital_g_bohr_inverse=4.000000 field_g_bohr_inverse=12.000000 product_g_bohr_inverse=4.000000 product_lmax=2 overlap_tolerance=1.000000e-4 exchange_coulomb=periodic-finite-body fock_fourier_g_bohr_inverse=4.000000 fock_smoothing_omega_bohr_inverse=none lexp=14 speed_of_light_au=137035.9895000000
atomic_start_checkpoint=/tmp/libmuffintin-h2-hf/mpi-feedback-n1/h2.atomic-start.toml charge_target=2.0000000000000000e0 charge_represented=2.0000000000000271e0 charge_error=2.709e-14 normalization_scale=8.4314746035398769e-1
[hf timing] begin gamma.fock.iteration
[hf timing] begin gamma.fock.occupations
[hf timing] end gamma.fock.occupations elapsed_s=0.000073
[hf timing] begin gamma.rebuild.inputs
[hf timing] end gamma.rebuild.inputs elapsed_s=0.030115
[hf timing] begin gamma.rebuild.mpb
[hf timing] begin exchange.cache.vv_basis.validate
[hf timing] end exchange.cache.vv_basis.validate elapsed_s=0.000447
[hf timing] begin exchange.cache.vv_basis.raw_dirac_space
[hf timing] end exchange.cache.vv_basis.raw_dirac_space elapsed_s=0.207288
[hf timing] begin exchange.cache.vv_basis.overlap_cutoff
[hf timing] end exchange.cache.vv_basis.overlap_cutoff elapsed_s=0.007621
[hf timing] begin exchange.cache.vv_basis.vertex_context
[hf timing] end exchange.cache.vv_basis.vertex_context elapsed_s=0.002108
[hf timing] begin exchange.cache.vv_basis.interstitial_table
[hf timing] end exchange.cache.vv_basis.interstitial_table elapsed_s=0.125766
[hf timing] begin exchange.cache.vv_basis.interstitial_theta
[hf timing] end exchange.cache.vv_basis.interstitial_theta elapsed_s=0.042980
[hf timing] begin exchange.cache.vv_basis.mt_coordinate_tensors
[hf timing] end exchange.cache.vv_basis.mt_coordinate_tensors elapsed_s=2.272968
[hf timing] begin vv.mpb_rebuild
[hf timing] begin vv.validate_frozen_inputs
[hf timing] end vv.validate_frozen_inputs elapsed_s=0.000623
[hf timing] begin vv.site_projection
[hf timing] end vv.site_projection elapsed_s=0.339595
[hf timing] begin vv.mt_contraction
[hf timing] end vv.mt_contraction elapsed_s=1.327372
[hf timing] begin vv.interstitial
[hf timing] end vv.interstitial elapsed_s=7.892298
[hf timing] begin vv.vertex_assembly_and_frozen_identity
[hf timing] end vv.vertex_assembly_and_frozen_identity elapsed_s=0.973478
[hf timing] end vv.mpb_rebuild elapsed_s=10.566336
[hf timing] end gamma.rebuild.mpb elapsed_s=13.427655
[hf timing] begin gamma.rebuild.coulomb_assembly
[hf timing] end gamma.rebuild.coulomb_assembly elapsed_s=1.369396
[hf timing] begin gamma.rebuild.contraction
[hf timing] end gamma.rebuild.contraction elapsed_s=6.902436
[hf timing] begin gamma.fock.feedback_lift
[mpi feedback dump] blocks=1 entries=1060900 path="/Users/zerozaki07/tmp/libmuffintin-harness/evidence/2026-09-08-h2-hf-mpi/feedback-n1.bin"
--------------------------------------------------------------------------

prterun has exited due to process rank 0 with PID 4474 on node MacBook-Air-4 exiting
improperly. There are three reasons this could occur:

1. this process did not call "init" before exiting, but others in the
job did. This can cause a job to hang indefinitely while it waits for
all processes to call "init". By rule, if one process calls "init",
then ALL processes must call "init" prior to termination.

2. this process called "init", but exited without calling "finalize".
By rule, all processes that call "init" MUST call "finalize" prior to
exiting or it will be considered an "abnormal termination"

3. this process called "MPI_Abort" or "prte_abort" and the mca
parameter prte_create_session_dirs is set to false. In this case, the
run-time cannot detect that the abort call was an abnormal
termination. Hence, the only error message you will receive is this
one.

This may have caused other processes in the application to be
terminated by signals sent by prterun (as reported here).

You can avoid this message by specifying -quiet on the prterun command
line.
--------------------------------------------------------------------------
real 53.51
user 118.13
sys 9.32
