   Compiling glob v0.3.4
   Compiling libc v0.2.189
   Compiling minimal-lexical v0.2.1
   Compiling pkg-config v0.3.34
   Compiling either v1.17.0
   Compiling bindgen v0.72.1
   Compiling shell-words v1.1.1
   Compiling rustc-hash v2.1.3
   Compiling bitflags v2.13.1
   Compiling shlex v1.3.0
   Compiling itertools v0.13.0
   Compiling custom_derive v0.1.7
   Compiling nom v7.1.3
   Compiling conv v0.3.3
   Compiling clang-sys v1.9.1
   Compiling build-probe-mpi v0.1.6
   Compiling mpi v0.8.2
   Compiling cexpr v0.6.0
   Compiling mpi-sys v0.2.4
   Compiling libmuffintin-runtime v0.2.0 (/Users/zerozaki07/tmp/libmuffintin/crates/mt-runtime)
warning: unused import: `thc_fixture_common::spinor_parent_grid as parent_grid`
  --> crates/mt-runtime/tests/spinor_hydrogen.rs:33:9
   |
33 | pub use thc_fixture_common::spinor_parent_grid as parent_grid;
   |         ^^^^^^^^^^^^^^^^^^^^^^^^^^^^^^^^^^^^^^^^^^^^^^^^^^^^^
   |
   = note: `#[warn(unused_imports)]` (part of `#[warn(unused)]`) on by default

warning: `libmuffintin-runtime` (test "gamma_valence_hf") generated 1 warning (run `cargo fix --test "gamma_valence_hf" -p libmuffintin-runtime` to apply 1 suggestion)
    Finished `release` profile [optimized] target(s) in 19.38s
     Running tests/gamma_valence_hf.rs (target/release/deps/gamma_valence_hf-5a476f84e231c5b9)

running 1 test
test gamma_hydrogen_rebuilds_full_vv_feedback_and_rejects_stale_orbitals ... ok

test result: ok. 1 passed; 0 failed; 0 ignored; 0 measured; 0 filtered out; finished in 2.48s

