speed_of_light_au=137035.9895000000 energy_zero=periodic molecule-in-box electrostatic reference
task scf scf iterations=7 total_energy_ha=-1.1394902806948766e0 energy_change_ha=Some(8.624147174174368e-9) density_rms=1.1177048485785122e-8
real 2172.07
user 10976.08
sys 474.21
          7241957376  maximum resident set size
                   0  average shared memory size
                   0  average unshared data size
                   0  average unshared stack size
            30961060  page reclaims
                  68  page faults
                   0  swaps
                   0  block input operations
                   0  block output operations
                   0  messages sent
                   0  messages received
                   0  signals received
               78904  voluntary context switches
            53042128  involuntary context switches
      66335669412249  instructions retired
      22933854164566  cycles elapsed
         16029675808  peak memory footprint
