speed_of_light_au=137035.9895000000 energy_zero=periodic molecule-in-box electrostatic reference
task scf scf iterations=7 total_energy_ha=-1.1404078111569622e0 energy_change_ha=Some(5.488726584346182e-9) density_rms=3.6495730912844997e-8
real 341.54
user 1945.17
sys 96.73
          4642816000  maximum resident set size
                   0  average shared memory size
                   0  average unshared data size
                   0  average unshared stack size
             8851322  page reclaims
                  11  page faults
                   0  swaps
                   0  block input operations
                   0  block output operations
                   0  messages sent
                   0  messages received
                   0  signals received
                   2  voluntary context switches
            10229616  involuntary context switches
      13695075211409  instructions retired
       4507543492078  cycles elapsed
          6585276128  peak memory footprint
