   Compiling num-traits v0.2.19
   Compiling num-complex v0.4.6
   Compiling num-integer v0.1.47
   Compiling half v2.7.1
   Compiling approx v0.5.1
   Compiling num-bigint v0.4.8
   Compiling num-iter v0.1.46
   Compiling pulp v0.21.5
   Compiling nano-gemm-c32 v0.1.0
   Compiling nano-gemm-c64 v0.1.0
   Compiling libmuffintin-core v0.2.0 (/private/tmp/h2-hf-perf-baseline/crates/mt-core)
   Compiling simba v0.10.2
   Compiling ndarray v0.17.2
   Compiling libmuffintin-sphere v0.2.0 (/private/tmp/h2-hf-perf-baseline/crates/mt-sphere)
   Compiling num-rational v0.4.2
   Compiling num v0.4.3
   Compiling rstsr-dtype-traits v0.7.10
   Compiling rstsr-common v0.7.10
   Compiling opt-einsum-path v0.2.0
   Compiling tblis-ffi v0.2.6
   Compiling libmuffintin-envelope v0.2.0 (/private/tmp/h2-hf-perf-baseline/crates/mt-envelope)
   Compiling tblis v0.2.6 (/private/tmp/h2-hf-perf-baseline/.local-deps/tblis-rs/tblis)
   Compiling rstsr-native-impl v0.7.10
   Compiling nalgebra v0.35.0
   Compiling gemm-common v0.18.2
   Compiling gemm-f64 v0.18.2
   Compiling gemm-f32 v0.18.2
   Compiling gemm-c64 v0.18.2
   Compiling gemm-c32 v0.18.2
   Compiling qd v0.7.7
   Compiling gemm v0.18.2
   Compiling faer-traits v0.22.1
   Compiling nano-gemm v0.1.3
   Compiling faer v0.22.6
   Compiling hdf5-metno v0.12.3
   Compiling moyo v0.17.0
   Compiling libmuffintin-symmetry v0.2.0 (/private/tmp/h2-hf-perf-baseline/crates/mt-symmetry)
   Compiling libmuffintin-io v0.2.0 (/private/tmp/h2-hf-perf-baseline/crates/mt-io)
   Compiling faer-ext v0.6.0
   Compiling rstsr-core v0.7.10
   Compiling rstsr-tblis v0.7.10
   Compiling rstsr v0.7.10
   Compiling libmuffintin-tensor v0.2.0 (/private/tmp/h2-hf-perf-baseline/crates/mt-tensor)
   Compiling libmuffintin-operators v0.2.0 (/private/tmp/h2-hf-perf-baseline/crates/mt-operators)
   Compiling libmuffintin-prodbasis v0.2.0 (/private/tmp/h2-hf-perf-baseline/crates/mt-prodbasis)
   Compiling libmuffintin-coulomb v0.2.0 (/private/tmp/h2-hf-perf-baseline/crates/mt-coulomb)
   Compiling libmuffintin-dft v0.2.0 (/private/tmp/h2-hf-perf-baseline/crates/mt-dft)
   Compiling libmuffintin-runtime v0.2.0 (/private/tmp/h2-hf-perf-baseline/crates/mt-runtime)
warning: unused import: `thc_fixture_common::spinor_parent_grid as parent_grid`
  --> crates/mt-runtime/tests/spinor_hydrogen.rs:33:9
   |
33 | pub use thc_fixture_common::spinor_parent_grid as parent_grid;
   |         ^^^^^^^^^^^^^^^^^^^^^^^^^^^^^^^^^^^^^^^^^^^^^^^^^^^^^
   |
   = note: `#[warn(unused_imports)]` (part of `#[warn(unused)]`) on by default

warning: `libmuffintin-runtime` (test "gamma_valence_hf") generated 1 warning (run `cargo fix --test "gamma_valence_hf" -p libmuffintin-runtime` to apply 1 suggestion)
    Finished `release` profile [optimized] target(s) in 58.24s
     Running tests/gamma_valence_hf.rs (/Users/zerozaki07/tmp/libmuffintin/target/release/deps/gamma_valence_hf-7bcb171c17532932)

running 1 test
PERF_FIXTURE total=-5.32924235801359503e-1 exchange=-1.71511931745922745e-5
PERF_ID exchange=0.00000000000000000e0 eigenvalue=3.42933147157165052e-16 total=3.33066907387546962e-16
PERF_ID exchange=0.00000000000000000e0 eigenvalue=2.84603070277444914e-18 total=0.00000000000000000e0
test gamma_hydrogen_rebuilds_full_vv_feedback_and_rejects_stale_orbitals ... ok

test result: ok. 1 passed; 0 failed; 0 ignored; 0 measured; 0 filtered out; finished in 0.68s

