   Compiling libmuffintin-core v0.2.0 (/private/tmp/h2-hf-perf-baseline/crates/mt-core)
   Compiling tblis-src v0.2.6 (/private/tmp/h2-hf-perf-baseline/vendor/tblis-src)
   Compiling libmuffintin-sphere v0.2.0 (/private/tmp/h2-hf-perf-baseline/crates/mt-sphere)
   Compiling libmuffintin-symmetry v0.2.0 (/private/tmp/h2-hf-perf-baseline/crates/mt-symmetry)
   Compiling libmuffintin-io v0.2.0 (/private/tmp/h2-hf-perf-baseline/crates/mt-io)
   Compiling libmuffintin-envelope v0.2.0 (/private/tmp/h2-hf-perf-baseline/crates/mt-envelope)
   Compiling libmuffintin-tensor v0.2.0 (/private/tmp/h2-hf-perf-baseline/crates/mt-tensor)
   Compiling libmuffintin-operators v0.2.0 (/private/tmp/h2-hf-perf-baseline/crates/mt-operators)
   Compiling libmuffintin-prodbasis v0.2.0 (/private/tmp/h2-hf-perf-baseline/crates/mt-prodbasis)
   Compiling libmuffintin-coulomb v0.2.0 (/private/tmp/h2-hf-perf-baseline/crates/mt-coulomb)
   Compiling libmuffintin-dft v0.2.0 (/private/tmp/h2-hf-perf-baseline/crates/mt-dft)
   Compiling libmuffintin-runtime v0.2.0 (/private/tmp/h2-hf-perf-baseline/crates/mt-runtime)
warning: unused import: `thc_fixture_common::spinor_parent_grid as parent_grid`
  --> crates/mt-runtime/tests/spinor_hydrogen.rs:33:9
   |
33 | pub use thc_fixture_common::spinor_parent_grid as parent_grid;
   |         ^^^^^^^^^^^^^^^^^^^^^^^^^^^^^^^^^^^^^^^^^^^^^^^^^^^^^
   |
   = note: `#[warn(unused_imports)]` (part of `#[warn(unused)]`) on by default

warning: `libmuffintin-runtime` (test "gamma_valence_hf") generated 1 warning (run `cargo fix --test "gamma_valence_hf" -p libmuffintin-runtime` to apply 1 suggestion)
    Finished `release` profile [optimized] target(s) in 26.95s
     Running tests/gamma_valence_hf.rs (/Users/zerozaki07/tmp/libmuffintin/target/release/deps/gamma_valence_hf-06380069dd40a60b)

running 1 test
PERF_FIXTURE total=-5.32924235801359503e-1 exchange=-1.71511931745922745e-5
PERF_ID exchange=0.00000000000000000e0 eigenvalue=3.42933147157165052e-16 total=3.33066907387546962e-16
PERF_ID exchange=0.00000000000000000e0 eigenvalue=2.84603070277444914e-18 total=0.00000000000000000e0
test gamma_hydrogen_rebuilds_full_vv_feedback_and_rejects_stale_orbitals ... ok

test result: ok. 1 passed; 0 failed; 0 ignored; 0 measured; 0 filtered out; finished in 0.98s

