[hf timing] begin atomic_start.total
[hf timing] begin atomic_start.superposition_density
[hf timing] end atomic_start.superposition_density elapsed_s=2.055736
[hf timing] begin atomic_start.density_conversion
[hf timing] end atomic_start.density_conversion elapsed_s=0.008634
[hf timing] begin atomic_start.potential
[hf timing] end atomic_start.potential elapsed_s=0.471774
[hf timing] begin atomic_start.checkpoint
[hf timing] end atomic_start.checkpoint elapsed_s=0.089938
[hf timing] end atomic_start.total elapsed_s=2.629499
[hf timing] begin exchange.cache.vv_basis.validate
[hf timing] end exchange.cache.vv_basis.validate elapsed_s=0.000320
[hf timing] begin exchange.cache.vv_basis.raw_dirac_space
[hf timing] end exchange.cache.vv_basis.raw_dirac_space elapsed_s=0.112978
[hf timing] begin exchange.cache.vv_basis.overlap_cutoff
[hf timing] end exchange.cache.vv_basis.overlap_cutoff elapsed_s=0.004400
[hf timing] begin exchange.cache.vv_basis.vertex_context
[hf timing] end exchange.cache.vv_basis.vertex_context elapsed_s=0.001132
[hf timing] begin exchange.cache.vv_basis.interstitial_table
[hf timing] end exchange.cache.vv_basis.interstitial_table elapsed_s=0.074014
[hf timing] begin exchange.cache.vv_basis.interstitial_theta
[hf timing] end exchange.cache.vv_basis.interstitial_theta elapsed_s=0.025093
[hf timing] begin exchange.cache.vv_basis.mt_coordinate_tensors
[hf timing] end exchange.cache.vv_basis.mt_coordinate_tensors elapsed_s=1.491867
[hf timing] begin vv.mpb_rebuild
[hf timing] begin vv.validate_frozen_inputs
[hf timing] end vv.validate_frozen_inputs elapsed_s=0.002796
[hf timing] begin vv.site_projection
[hf timing] end vv.site_projection elapsed_s=0.327085
[hf timing] begin vv.mt_contraction
[hf timing] end vv.mt_contraction elapsed_s=48.404039
[hf timing] begin vv.interstitial
[probe] vv.interstitial selections=1060900 n_raw=3809 n_pw=515 theta_shape=[3809, 515]
[probe] pair fft grid dims=[21, 21, 21] len=9261
