[hf timing] begin atomic_start.total
[hf timing] begin atomic_start.superposition_density
[hf timing] end atomic_start.superposition_density elapsed_s=1.483559
[hf timing] begin atomic_start.density_conversion
[hf timing] end atomic_start.density_conversion elapsed_s=0.007489
[hf timing] begin atomic_start.potential
[hf timing] end atomic_start.potential elapsed_s=0.543023
[hf timing] begin atomic_start.checkpoint
[hf timing] end atomic_start.checkpoint elapsed_s=0.093237
[hf timing] end atomic_start.total elapsed_s=2.130699
system=H2 bond_bohr=1.400000 electron_count=2.0 route=spinor-first-variation cores=none box_bohr=8.000000 rmt_bohr=0.650000 orbital_g_bohr_inverse=4.000000 field_g_bohr_inverse=12.000000 product_g_bohr_inverse=4.000000 product_lmax=2 overlap_tolerance=1.000000e-4 exchange_coulomb=periodic-finite-body fock_fourier_g_bohr_inverse=4.000000 fock_smoothing_omega_bohr_inverse=none lexp=14 speed_of_light_au=137035.9895000000
atomic_start_checkpoint=/tmp/libmuffintin-h2-hf/probe/h2.atomic-start.toml charge_target=2.0000000000000000e0 charge_represented=2.0000000000000271e0 charge_error=2.709e-14 normalization_scale=8.4314746035398769e-1
[probe] selections=39140 occupied_bands=38 n_orb=1030
[hf timing] begin exchange.cache.vv_basis.validate
[hf timing] end exchange.cache.vv_basis.validate elapsed_s=0.000221
[hf timing] begin exchange.cache.vv_basis.raw_dirac_space
[hf timing] end exchange.cache.vv_basis.raw_dirac_space elapsed_s=0.121316
[hf timing] begin exchange.cache.vv_basis.overlap_cutoff
[hf timing] end exchange.cache.vv_basis.overlap_cutoff elapsed_s=0.004208
[hf timing] begin exchange.cache.vv_basis.vertex_context
[hf timing] end exchange.cache.vv_basis.vertex_context elapsed_s=0.001039
[hf timing] begin exchange.cache.vv_basis.interstitial_table
[hf timing] end exchange.cache.vv_basis.interstitial_table elapsed_s=0.073869
[hf timing] begin exchange.cache.vv_basis.interstitial_theta
[hf timing] end exchange.cache.vv_basis.interstitial_theta elapsed_s=0.024656
[hf timing] begin exchange.cache.vv_basis.mt_coordinate_tensors
[hf timing] end exchange.cache.vv_basis.mt_coordinate_tensors elapsed_s=1.502104
[hf timing] begin vv.mpb_rebuild
[hf timing] begin vv.validate_frozen_inputs
[hf timing] end vv.validate_frozen_inputs elapsed_s=0.000380
[hf timing] begin vv.site_projection
[hf timing] end vv.site_projection elapsed_s=0.227750
[hf timing] begin vv.mt_contraction
[hf timing] end vv.mt_contraction elapsed_s=0.613234
[hf timing] begin vv.interstitial
[hf timing] end vv.interstitial elapsed_s=27.281043
[hf timing] begin vv.vertex_assembly_and_frozen_identity
[hf timing] end vv.vertex_assembly_and_frozen_identity elapsed_s=0.522767
[hf timing] end vv.mpb_rebuild elapsed_s=28.657877
[probe] selections=39140 occupied_bands=38 n_orb=1030
[hf timing] begin exchange.cache.vv_basis.validate
[hf timing] end exchange.cache.vv_basis.validate elapsed_s=0.000220
[hf timing] begin exchange.cache.vv_basis.raw_dirac_space
[hf timing] end exchange.cache.vv_basis.raw_dirac_space elapsed_s=0.140881
[hf timing] begin exchange.cache.vv_basis.overlap_cutoff
[hf timing] end exchange.cache.vv_basis.overlap_cutoff elapsed_s=0.004775
[hf timing] begin exchange.cache.vv_basis.vertex_context
[hf timing] end exchange.cache.vv_basis.vertex_context elapsed_s=0.001101
[hf timing] begin exchange.cache.vv_basis.interstitial_table
[hf timing] end exchange.cache.vv_basis.interstitial_table elapsed_s=0.090736
[hf timing] begin exchange.cache.vv_basis.interstitial_theta
[hf timing] end exchange.cache.vv_basis.interstitial_theta elapsed_s=0.025989
[hf timing] begin exchange.cache.vv_basis.mt_coordinate_tensors
[hf timing] end exchange.cache.vv_basis.mt_coordinate_tensors elapsed_s=1.570742
[hf timing] begin vv.mpb_rebuild
[hf timing] begin vv.validate_frozen_inputs
[hf timing] end vv.validate_frozen_inputs elapsed_s=0.000375
[hf timing] begin vv.site_projection
[hf timing] end vv.site_projection elapsed_s=0.247017
[hf timing] begin vv.mt_contraction
[hf timing] end vv.mt_contraction elapsed_s=0.466675
[hf timing] begin vv.interstitial
[hf timing] end vv.interstitial elapsed_s=29.224143
[hf timing] begin vv.vertex_assembly_and_frozen_identity
[hf timing] end vv.vertex_assembly_and_frozen_identity elapsed_s=0.264190
[hf timing] end vv.mpb_rebuild elapsed_s=30.218191
[probe] selections=39140 occupied_bands=38 n_orb=1030
[hf timing] begin exchange.cache.vv_basis.validate
[hf timing] end exchange.cache.vv_basis.validate elapsed_s=0.000224
[hf timing] begin exchange.cache.vv_basis.raw_dirac_space
[hf timing] end exchange.cache.vv_basis.raw_dirac_space elapsed_s=0.135737
[hf timing] begin exchange.cache.vv_basis.overlap_cutoff
[hf timing] end exchange.cache.vv_basis.overlap_cutoff elapsed_s=0.004648
[hf timing] begin exchange.cache.vv_basis.vertex_context
[hf timing] end exchange.cache.vv_basis.vertex_context elapsed_s=0.001158
[hf timing] begin exchange.cache.vv_basis.interstitial_table
[hf timing] end exchange.cache.vv_basis.interstitial_table elapsed_s=0.080595
[hf timing] begin exchange.cache.vv_basis.interstitial_theta
[hf timing] end exchange.cache.vv_basis.interstitial_theta elapsed_s=0.024452
[hf timing] begin exchange.cache.vv_basis.mt_coordinate_tensors
[hf timing] end exchange.cache.vv_basis.mt_coordinate_tensors elapsed_s=1.550554
[hf timing] begin vv.mpb_rebuild
[hf timing] begin vv.validate_frozen_inputs
[hf timing] end vv.validate_frozen_inputs elapsed_s=0.000373
[hf timing] begin vv.site_projection
[hf timing] end vv.site_projection elapsed_s=0.239579
[hf timing] begin vv.mt_contraction
[hf timing] end vv.mt_contraction elapsed_s=0.454544
[hf timing] begin vv.interstitial
[hf timing] end vv.interstitial elapsed_s=28.146619
[hf timing] begin vv.vertex_assembly_and_frozen_identity
[hf timing] end vv.vertex_assembly_and_frozen_identity elapsed_s=0.290039
[hf timing] end vv.mpb_rebuild elapsed_s=29.151757
[probe] selections=39140 occupied_bands=38 n_orb=1030
[hf timing] begin exchange.cache.vv_basis.validate
[hf timing] end exchange.cache.vv_basis.validate elapsed_s=0.000210
[hf timing] begin exchange.cache.vv_basis.raw_dirac_space
[hf timing] end exchange.cache.vv_basis.raw_dirac_space elapsed_s=0.125880
[hf timing] begin exchange.cache.vv_basis.overlap_cutoff
[hf timing] end exchange.cache.vv_basis.overlap_cutoff elapsed_s=0.004858
[hf timing] begin exchange.cache.vv_basis.vertex_context
[hf timing] end exchange.cache.vv_basis.vertex_context elapsed_s=0.001035
[hf timing] begin exchange.cache.vv_basis.interstitial_table
[hf timing] end exchange.cache.vv_basis.interstitial_table elapsed_s=0.096415
[hf timing] begin exchange.cache.vv_basis.interstitial_theta
[hf timing] end exchange.cache.vv_basis.interstitial_theta elapsed_s=0.031550
[hf timing] begin exchange.cache.vv_basis.mt_coordinate_tensors
[hf timing] end exchange.cache.vv_basis.mt_coordinate_tensors elapsed_s=1.568238
[hf timing] begin vv.mpb_rebuild
[hf timing] begin vv.validate_frozen_inputs
[hf timing] end vv.validate_frozen_inputs elapsed_s=0.000358
[hf timing] begin vv.site_projection
[hf timing] end vv.site_projection elapsed_s=0.236622
[hf timing] begin vv.mt_contraction
[hf timing] end vv.mt_contraction elapsed_s=0.494323
[hf timing] begin vv.interstitial
[hf timing] end vv.interstitial elapsed_s=28.600331
[hf timing] begin vv.vertex_assembly_and_frozen_identity
[hf timing] end vv.vertex_assembly_and_frozen_identity elapsed_s=0.378499
[hf timing] end vv.mpb_rebuild elapsed_s=29.735501
[probe] selections=39140 occupied_bands=38 n_orb=1030
[hf timing] begin exchange.cache.vv_basis.validate
[hf timing] end exchange.cache.vv_basis.validate elapsed_s=0.000221
[hf timing] begin exchange.cache.vv_basis.raw_dirac_space
[hf timing] end exchange.cache.vv_basis.raw_dirac_space elapsed_s=0.132716
[hf timing] begin exchange.cache.vv_basis.overlap_cutoff
[hf timing] end exchange.cache.vv_basis.overlap_cutoff elapsed_s=0.004743
[hf timing] begin exchange.cache.vv_basis.vertex_context
[hf timing] end exchange.cache.vv_basis.vertex_context elapsed_s=0.001163
[hf timing] begin exchange.cache.vv_basis.interstitial_table
[hf timing] end exchange.cache.vv_basis.interstitial_table elapsed_s=0.081759
[hf timing] begin exchange.cache.vv_basis.interstitial_theta
[hf timing] end exchange.cache.vv_basis.interstitial_theta elapsed_s=0.025377
[hf timing] begin exchange.cache.vv_basis.mt_coordinate_tensors
[hf timing] end exchange.cache.vv_basis.mt_coordinate_tensors elapsed_s=1.602723
[hf timing] begin vv.mpb_rebuild
[hf timing] begin vv.validate_frozen_inputs
[hf timing] end vv.validate_frozen_inputs elapsed_s=0.000362
[hf timing] begin vv.site_projection
[hf timing] end vv.site_projection elapsed_s=0.261565
[hf timing] begin vv.mt_contraction
[hf timing] end vv.mt_contraction elapsed_s=0.501024
[hf timing] begin vv.interstitial
[hf timing] end vv.interstitial elapsed_s=28.354625
[hf timing] begin vv.vertex_assembly_and_frozen_identity
[hf timing] end vv.vertex_assembly_and_frozen_identity elapsed_s=0.298385
[hf timing] end vv.mpb_rebuild elapsed_s=29.437079
Error: Gate { gate: "valence eigenvalue identity", residual: 0.0003408947316444477, tolerance: 2e-8 }
